// Vitest Snapshot v1, https://vitest.dev/guide/snapshot.html

exports[`Alert > should match the snapshot 1`] = `
<div>
  <div
    class="p-2 flex gap-2 flex-wrap bg-blue-500 text-blue-950"
    role="alert"
  >
    <svg
      aria-hidden="true"
      class="lucide lucide-info w-[1lh] h-[1lh]"
      fill="none"
      height="24"
      stroke="currentColor"
      stroke-linecap="round"
      stroke-linejoin="round"
      stroke-width="2"
      viewBox="0 0 24 24"
      width="24"
      xmlns="http://www.w3.org/2000/svg"
    >
      <circle
        cx="12"
        cy="12"
        r="10"
      />
      <path
        d="M12 16v-4"
      />
      <path
        d="M12 8h.01"
      />
    </svg>
    <div />
  </div>
</div>
`;
