// Vitest Snapshot v1, https://vitest.dev/guide/snapshot.html

exports[`Drawer > should match the snapshot 1`] = `
<div>
  <div
    class="fixed inset-y-0 right-0 w-64 bg-white shadow-lg z-50 p-4 transition-transform transform outline-none translate-x-0"
    tabindex="-1"
  />
</div>
`;
