// Vitest Snapshot v1, https://vitest.dev/guide/snapshot.html

exports[`Accordion > should match the snapshot 1`] = `
<div>
  <div
    class="grid gap-2 cms-accordion"
    role="radiogroup"
  >
    <div
      class="bg-components-accordion text-components-accordion-foreground group"
    >
      <label
        class="w-full px-4 py-2 md:px-6 md:py-4 flex justify-between items-center gap-2 text-lg cursor-pointer select-none tw-has-focus:tw-cms-outline"
        for="_r_1___0__input"
        id="_r_1___0__label"
      >
        <input
          class="sr-only"
          id="_r_1___0__input"
          name="_r_1_-accordion"
          type="radio"
        />
        <span>
          Heading 1
        </span>
        <svg
          aria-hidden="true"
          class="lucide lucide-chevron-down h-[1em] w-[1em] transition-transform"
          fill="none"
          height="24"
          stroke="currentColor"
          stroke-linecap="round"
          stroke-linejoin="round"
          stroke-width="2"
          viewBox="0 0 24 24"
          width="24"
          xmlns="http://www.w3.org/2000/svg"
        >
          <path
            d="m6 9 6 6 6-6"
          />
        </svg>
      </label>
      <div
        class="overflow-hidden transition-[max-height] duration-300 ease-in-out"
        id="_r_1___0__content"
        style="max-height: 0;"
      >
        <div
          aria-hidden="true"
          aria-labelledby="_r_1___0__label"
          class="px-4 pb-4 md:px-6"
          role="region"
        >
          Content 1
        </div>
      </div>
    </div>
    <div
      class="bg-components-accordion text-components-accordion-foreground group"
    >
      <label
        class="w-full px-4 py-2 md:px-6 md:py-4 flex justify-between items-center gap-2 text-lg cursor-pointer select-none tw-has-focus:tw-cms-outline"
        for="_r_1___1__input"
        id="_r_1___1__label"
      >
        <input
          class="sr-only"
          id="_r_1___1__input"
          name="_r_1_-accordion"
          type="radio"
        />
        <span>
          Heading 2
        </span>
        <svg
          aria-hidden="true"
          class="lucide lucide-chevron-down h-[1em] w-[1em] transition-transform"
          fill="none"
          height="24"
          stroke="currentColor"
          stroke-linecap="round"
          stroke-linejoin="round"
          stroke-width="2"
          viewBox="0 0 24 24"
          width="24"
          xmlns="http://www.w3.org/2000/svg"
        >
          <path
            d="m6 9 6 6 6-6"
          />
        </svg>
      </label>
      <div
        class="overflow-hidden transition-[max-height] duration-300 ease-in-out"
        id="_r_1___1__content"
        style="max-height: 0;"
      >
        <div
          aria-hidden="true"
          aria-labelledby="_r_1___1__label"
          class="px-4 pb-4 md:px-6"
          role="region"
        >
          Content 2
        </div>
      </div>
    </div>
  </div>
</div>
`;
