// Vitest Snapshot v1, https://vitest.dev/guide/snapshot.html

exports[`Radio > should match the snapshot 1`] = `
<div>
  <div
    class="grid gap-1 content-start grid-rows-[auto_1fr]"
  >
    <label
      class="self-end group has-[:disabled]:text-foreground/50 grid grid-cols-[auto_1fr] gap-2 cursor-pointer has-[:disabled]:cursor-not-allowed"
    >
      <div
        class="w-[1lh] h-[1lh] border border-solid border-current bg-input group-hover:group-has-[input:enabled]:border-foreground/90 group-hover:group-has-[input:enabled]:ring-foreground/90 ring-inset tw-has-focus:ring-1 ring-current grid place-items-center rounded-full"
      >
        <input
          class="sr-only"
          id="id"
          name="name"
          type="radio"
        />
        <svg
          aria-hidden="true"
          class="lucide lucide-circle hidden group-has-[:checked]:block w-[0.4lh] h-[0.4lh] fill-current"
          fill="none"
          height="24"
          stroke="currentColor"
          stroke-linecap="round"
          stroke-linejoin="round"
          stroke-width="2"
          viewBox="0 0 24 24"
          width="24"
          xmlns="http://www.w3.org/2000/svg"
        >
          <circle
            cx="12"
            cy="12"
            r="10"
          />
        </svg>
      </div>
      <span>
        Label
      </span>
    </label>
    <span
      class="min-h-[1em] text-sm text-red-500 leading-none"
      role="alert"
    />
  </div>
</div>
`;
