// Vitest Snapshot v1, https://vitest.dev/guide/snapshot.html

exports[`Link > should match the snapshot 1`] = `
<div>
  <a
    class="text-primary underline focus-visible:tw-cms-outline"
    href="/test"
  >
    Link
  </a>
</div>
`;
