// Vitest Snapshot v1, https://vitest.dev/guide/snapshot.html

exports[`Dialog > should match the snapshot 1`] = `
<div>
  <div
    class="px-4 sm:px-6 cms-section fixed inset-0 z-dialog py-4 sm:py-6 hidden has-[:open]:grid pointer-events-none"
  >
    <div
      class="fixed inset-0 z-backdrop bg-foreground/50 dark:bg-foreground/10 backdrop-blur-none"
    />
    <dialog
      class="w-full max-w-screen-2xl mx-auto grid cms-container relative z-dialog overflow-visible pointer-events-auto bg-background text-foreground focus-visible:tw-cms-dialog-outline"
      data-dialog="true"
      open=""
    >
      <header
        class="flex"
      >
        <p
          class="p-4 md:p-6 flex-grow"
        >
          Header
        </p>
        <button
          aria-label="Close"
          class="p-4 md:p-6 focus-visible:tw-cms-outline"
          type="button"
        >
          <svg
            aria-hidden="true"
            class="lucide lucide-x"
            fill="none"
            height="24"
            stroke="currentColor"
            stroke-linecap="round"
            stroke-linejoin="round"
            stroke-width="2"
            viewBox="0 0 24 24"
            width="24"
            xmlns="http://www.w3.org/2000/svg"
          >
            <path
              d="M18 6 6 18"
            />
            <path
              d="m6 6 12 12"
            />
          </svg>
        </button>
      </header>
      <div
        class="p-4 pt-0 md:p-6 md:pt-0"
      />
      <footer
        class="p-4 pt-0 md:p-6 md:pt-0"
      >
        <div
          class="flex justify-end gap-2 md:gap-4 flex-wrap"
        >
          <button
            class="px-6 py-3 border-2 border-primary hover:border-primary/90 font-semibold whitespace-nowrap disabled:cursor-not-allowed focus-visible:tw-cms-outline text-primary disabled:border-primary/50 disabled:text-primary/50 bg-background [&:not(:disabled)]:hover:bg-foreground/5"
            type="button"
          >
            Cancel
          </button>
          <button
            class="px-6 py-3 border-2 border-primary hover:border-primary/90 font-semibold whitespace-nowrap disabled:cursor-not-allowed focus-visible:tw-cms-outline bg-primary hover:bg-primary/90 text-primary-foreground disabled:border-primary/0 disabled:bg-primary/50"
            type="button"
          >
            Submit
          </button>
        </div>
      </footer>
    </dialog>
  </div>
</div>
`;
