// Vitest Snapshot v1, https://vitest.dev/guide/snapshot.html

exports[`Accordion > should match the snapshot 1`] = `
<div>
  <div
    class="grid gap-2"
  >
    <div
      class="bg-components-accordion text-components-accordion-foreground"
    >
      <button
        aria-controls="«r1»__0"
        aria-expanded="false"
        class="w-full px-4 py-2 flex justify-between items-center gap-2 text-lg"
        type="button"
      >
        <span>
          Heading 1
        </span>
        <svg
          aria-hidden="true"
          class="lucide lucide-chevron-down h-[1em] w-[1em] transition-transform"
          fill="none"
          height="24"
          stroke="currentColor"
          stroke-linecap="round"
          stroke-linejoin="round"
          stroke-width="2"
          viewBox="0 0 24 24"
          width="24"
          xmlns="http://www.w3.org/2000/svg"
        >
          <path
            d="m6 9 6 6 6-6"
          />
        </svg>
      </button>
      <div
        class="overflow-hidden transition-[max-height] duration-300 ease-in-out"
        id="«r1»__0"
        style="max-height: 0;"
      >
        <div
          class="px-4 py-2"
        >
          Content 1
        </div>
      </div>
    </div>
    <div
      class="bg-components-accordion text-components-accordion-foreground"
    >
      <button
        aria-controls="«r1»__1"
        aria-expanded="false"
        class="w-full px-4 py-2 flex justify-between items-center gap-2 text-lg"
        type="button"
      >
        <span>
          Heading 2
        </span>
        <svg
          aria-hidden="true"
          class="lucide lucide-chevron-down h-[1em] w-[1em] transition-transform"
          fill="none"
          height="24"
          stroke="currentColor"
          stroke-linecap="round"
          stroke-linejoin="round"
          stroke-width="2"
          viewBox="0 0 24 24"
          width="24"
          xmlns="http://www.w3.org/2000/svg"
        >
          <path
            d="m6 9 6 6 6-6"
          />
        </svg>
      </button>
      <div
        class="overflow-hidden transition-[max-height] duration-300 ease-in-out"
        id="«r1»__1"
        style="max-height: 0;"
      >
        <div
          class="px-4 py-2"
        >
          Content 2
        </div>
      </div>
    </div>
  </div>
</div>
`;
