// Vitest Snapshot v1, https://vitest.dev/guide/snapshot.html

exports[`Badge > should match the snapshot 1`] = `
<div>
  <div
    class="py-1 px-2 w-fit flex gap-2 flex-wrap text-xs font"
    style="background-color: rgb(0, 0, 0); color: rgb(255, 255, 255);"
  >
    Label
  </div>
</div>
`;
