// Vitest Snapshot v1, https://vitest.dev/guide/snapshot.html

exports[`ImageBlock1 > should match the snapshot 1`] = `
<div>
  <div
    class="grid md:grid-cols-2"
  >
    <div
      class="grid justify-items-start content-center gap-4 order-2 md:order-1"
    >
      <h3
        class="text-4xl font-semibold"
      >
        Heading
      </h3>
      <p>
        Subheading
      </p>
      <div
        class="flex gap-4"
      >
        <a
          class="px-6 py-3 border-2 border-primary hover:border-primary/90 font-semibold whitespace-nowrap disabled:cursor-not-allowed bg-primary hover:bg-primary/90 text-primary-foreground disabled:border-primary/0 disabled:bg-primary/50"
          href="/primary"
        >
          Primary Button
        </a>
        <a
          class="px-6 py-3 border-2 border-primary hover:border-primary/90 font-semibold whitespace-nowrap disabled:cursor-not-allowed text-primary disabled:border-primary/50 disabled:text-primary/50 bg-background [&:not(:disabled)]:hover:bg-foreground/5"
          href="/secondary"
        >
          Secondary Button
        </a>
      </div>
    </div>
    <div
      class="order-1 md:order-2"
    >
      <img
        alt="Image"
        class="w-full h-auto object-cover cms-image bg-background1 min-h-full"
        data-nimg="1"
        decoding="async"
        height="0"
        loading="lazy"
        style="color: transparent;"
        width="0"
      />
    </div>
  </div>
</div>
`;
