// Vitest Snapshot v1, https://vitest.dev/guide/snapshot.html

exports[`TextInput > should match the snapshot 1`] = `
<div>
  <div
    class="flex flex-col gap-2"
  >
    <input
      class="p-2 border border-solid border-current bg-input hover:border-foreground/90 hover:ring-foreground/90 outline-none ring-inset focus-within:ring-1 ring-current"
      id="id"
      name="name"
      type="text"
      value=""
    />
    <span
      class="min-h-[1em] text-sm text-red-500 leading-none"
      role="alert"
    />
  </div>
</div>
`;
