// Vitest Snapshot v1, https://vitest.dev/guide/snapshot.html

exports[`Image > should match the snapshot 1`] = `
<div>
  <img
    alt=""
    class="w-full h-auto object-cover cms-image"
    data-nimg="1"
    decoding="async"
    height="0"
    loading="lazy"
    sizes="100vw"
    src="/_next/image?url=%2Fimage.webp&w=3840&q=75"
    srcset="/_next/image?url=%2Fimage.webp&w=640&q=75 640w, /_next/image?url=%2Fimage.webp&w=750&q=75 750w, /_next/image?url=%2Fimage.webp&w=828&q=75 828w, /_next/image?url=%2Fimage.webp&w=1080&q=75 1080w, /_next/image?url=%2Fimage.webp&w=1200&q=75 1200w, /_next/image?url=%2Fimage.webp&w=1920&q=75 1920w, /_next/image?url=%2Fimage.webp&w=2048&q=75 2048w, /_next/image?url=%2Fimage.webp&w=3840&q=75 3840w"
    style="color: transparent;"
    width="0"
  />
</div>
`;
